OWNER  KEY       VERSION  BYTES  EXPIRES  UPDATED               VALUE
a      profile   3        11     -        2025-08-24T01:50:00Z  {"name":"A"}
a      settings  2        11     -        2025-08-24T01:50:00Z  -
a      long      1        11     -        2025-08-24T01:50:00Z  {"pad":"xxxxxxxxxxxxxxxxxxxxxxxxxxxxxxxxxxxxxxxxxxxxxxxxxxxx…
