id:           pj_01
kind:         campaign
status:       done
key:          CLI-E37D6D0D68351662470B65B06826508C8535C55D-SEND
template:     pt_01
title:        "Hi {{name}}"
body:         "Season {{season}} is open"
data:         {"screen":"season"}
options:      {"priority":"high"}
author:       m_1
created:      2025-08-24T01:46:40Z
started:      2025-08-24T01:46:42Z
finished:     2025-08-24T01:48:20Z
rows:         1200 of 1200
sent:         1170
noToken:      15
unregistered: 4
failed:       6
skipped:      5 (duplicates 3, missing variables 2, invalid 0)
report:       until 2025-08-31T01:48:20Z (yyt push job report push_0123456789abcdef pj_01)
