id:              se_0123
title:           Our game
exhibits:        site web
link:            https://g.example/abc/
by:              mate
created:         2025-08-24T01:50:00Z
likes:           3
screenshot ss_1: https://console.example/shows/sh_0123/entries/se_0123/shots/ss_1
body:            played it all night
comment sc_1:    octo 2025-08-24T01:53:20Z: nice
