DEPLOY   KIND    MOVE_TO    STATUS  FILES  BYTES  ERROR              BY      CREATED
sd_01j7  move    k3x9q2mzp  live    12     0      -                  m_octo  2025-08-24T01:50:00Z
sd_01j6  upload  -          failed  0      5678   zip_no_index_html  m_octo  2025-08-24T01:50:00Z
sd_01j5  upload  -          live    12     5678   -                  m_octo  2025-08-24T01:50:00Z
