id:          st_1
name:        game-web
project:     dooroo/game
url:         https://dev-g.yyt.life/k3x9q2mzp/
domain:      -
hostUrl:     https://k3x9q2mzp.dev-g.yyt.life/
publicUrl:   https://dev-g.yyt.life/k3x9q2mzp/
basePath:    /k3x9q2mzp/
movingTo:    -
description: browser client
createdBy:   octo
created:     2025-08-24T01:46:40Z
updated:     2025-08-24T01:48:20Z
live:        sd_01j5
busy:        false

DEPLOY   KIND    MOVE_TO    STATUS  FILES  BYTES  ERROR              BY      CREATED
sd_01j7  move    k3x9q2mzp  live    12     0      -                  m_octo  2025-08-24T01:50:00Z
sd_01j6  upload  -          failed  0      5678   zip_no_index_html  m_octo  2025-08-24T01:50:00Z
sd_01j5  upload  -          live    12     5678   -                  m_octo  2025-08-24T01:50:00Z
